PS C:\Users\mahot\Desktop\gitkadai> mkdir git_challenge
PS C:\Users\mahot\Desktop\gitkadai> cd git_challenge
PS C:\Users\mahot\Desktop\gitkadai> git init
PS C:\Users\mahot\Desktop\git_challenge> git add hello_world.txt      
PS C:\Users\mahot\Desktop\git_challenge> git commit -m "hello_world.txtを 追加"
On branch main
nothing to commit, working tree clean
PS C:\Users\mahot\Desktop\git_challenge> git add hello_world.txt          
PS C:\Users\mahot\Desktop\git_challenge> git commit -m "日本語訳を追加"   
[main 4053ab7] 日本語訳を追加
 1 file changed, 2 insertions(+), 1 deletion(-)